// Jest Snapshot v1, https://goo.gl/fbAQLP

exports[`<DataPage /> should render the deals page and matchs the snapshot 1`] = `<DataList />`;
