// Jest Snapshot v1, https://goo.gl/fbAQLP

exports[`<VerifyAccountPage /> should render and matches the snaphshot 1`] = `
<Row
  align="middle"
  justify="center"
  style={
    Object {
      "minHeight": "100vh",
      "padding": "0 15px",
    }
  }
>
  <VerifyAccountForm />
</Row>
`;
