// Jest Snapshot v1, https://goo.gl/fbAQLP

exports[`login Saga should set user if user is returned from call 1`] = `
Object {
  "@@redux-saga/IO": true,
  "combinator": false,
  "payload": Object {
    "args": Array [],
    "context": null,
    "fn": [Function],
  },
  "type": "CALL",
}
`;
