// Jest Snapshot v1, https://goo.gl/fbAQLP

exports[`<FilterTab /> should render and match the snapshot 1`] = `
<styled.div>
  <FilterResult />
</styled.div>
`;
