// Jest Snapshot v1, https://goo.gl/fbAQLP

exports[`DeleteEventModal should render and match snapshot 1`] = `
<Modal
  confirmLoading={false}
  okType="primary"
  onCancel={[Function]}
  onOk={[Function]}
  title="Are you sure you want to delete this event?"
  visible={false}
  width={520}
>
  <styled.div>
    You will delete this event along with all associated information, are you sure you want to continue?
  </styled.div>
</Modal>
`;
