// Jest Snapshot v1, https://goo.gl/fbAQLP

exports[`MyEvents should render to match the snapshot 1`] = `
<Provider
  store={
    Object {
      "createReducer": [Function],
      "dispatch": [Function],
      "getState": [Function],
      "injectedReducers": Object {},
      "injectedSagas": Object {},
      "replaceReducer": [Function],
      "runSaga": [Function],
      "subscribe": [Function],
      Symbol(Symbol.observable): [Function],
    }
  }
>
  <RaceList />
</Provider>
`;

exports[`RaceList should render to match the snapshot 1`] = `
<Provider
  store={
    Object {
      "createReducer": [Function],
      "dispatch": [Function],
      "getState": [Function],
      "injectedReducers": Object {},
      "injectedSagas": Object {},
      "replaceReducer": [Function],
      "runSaga": [Function],
      "subscribe": [Function],
      Symbol(Symbol.observable): [Function],
    }
  }
>
  <RaceList />
</Provider>
`;
