// Jest Snapshot v1, https://goo.gl/fbAQLP

exports[`<ChangePasswordPage /> should render to match the snapshot 1`] = `
<Row
  align="top"
  justify="center"
  style={
    Object {
      "background": "#f7f7f9",
      "minHeight": "100vh",
    }
  }
>
  <ChangePasswordForm />
</Row>
`;
