// Jest Snapshot v1, https://goo.gl/fbAQLP

exports[`<BenefitCarousel /> should render the benefit carousel and matchs the snapshot 1`] = `
<ForwardRef
  dots={
    Object {
      "className": "carousel-dot custom",
    }
  }
  slidesToShow={1}
>
  <styled.div>
    <styled.div
      className="carousel-inner-container"
    >
      <Row
        className="carousel-row"
      >
        <Col
          lg={12}
          md={24}
          sm={24}
          xs={24}
        >
          <styled.h1
            className="section-header-text"
          >
            One password for all sailing apps and data:
          </styled.h1>
          <styled.p>
            syrf.io allows third party developers to use your SYRF profile for authentication. This means you have one less password to remember for your favorite sailing apps.
          </styled.p>
        </Col>
        <Col
          lg={12}
          md={24}
          sm={24}
          xs={24}
        >
          <styled.div
            className="carousel-image-container"
            style={
              Object {
                "backgroundImage": "url(Image-1.svg)",
                "backgroundPosition": "100% -50%",
                "backgroundRepeat": "no-repeat",
                "backgroundSize": "contain",
              }
            }
          />
        </Col>
      </Row>
    </styled.div>
  </styled.div>
  <styled.div>
    <styled.div
      className="carousel-inner-container"
    >
      <Row
        className="carousel-row"
      >
        <Col
          lg={12}
          md={12}
          sm={24}
          xs={24}
        >
          <styled.h1
            className="section-header-text"
          >
            You control who can access your sailing data:
          </styled.h1>
          <styled.p>
            syrf.io is like Google Drive for all of your sailing data. 3rd party apps (such as those from your favorite sailing organization) can request to import your data. You retain strict control over who does and doesnâ€™t have access.
          </styled.p>
        </Col>
        <Col
          lg={12}
          md={12}
          sm={24}
          xs={24}
        >
          <styled.div
            className="carousel-image-container"
            style={
              Object {
                "backgroundImage": "url(Image-2.svg)",
                "backgroundPosition": "100% -50%",
                "backgroundRepeat": "no-repeat",
                "backgroundSize": "contain",
              }
            }
          />
        </Col>
      </Row>
    </styled.div>
  </styled.div>
  <styled.div>
    <styled.div
      className="carousel-inner-container"
    >
      <Row
        className="carousel-row"
      >
        <Col
          lg={12}
          md={12}
          sm={24}
          xs={24}
        >
          <styled.h1
            className="section-header-text"
          >
            GDPR & CCPA Compliant:
          </styled.h1>
          <styled.p>
            We take your privacy seriously. Our apps go above and beyond to ensure we only collect race related data and that your data is anonymized and protected. We never, EVER, sell your data to 3rd parties and our revenue model does not rely on personalized advertising. We only use cookies with your permission and you are free to delete your data at any time.
          </styled.p>
        </Col>
        <Col
          lg={12}
          md={12}
          sm={24}
          xs={24}
        >
          <styled.div
            className="carousel-image-container"
            style={
              Object {
                "backgroundImage": "url(Image-4.svg)",
                "backgroundPosition": "100% -50%",
                "backgroundRepeat": "no-repeat",
                "backgroundSize": "contain",
              }
            }
          />
        </Col>
      </Row>
    </styled.div>
  </styled.div>
  <styled.div>
    <styled.div
      className="carousel-inner-container"
    >
      <Row
        className="carousel-row"
      >
        <Col
          lg={12}
          md={12}
          sm={24}
          xs={24}
        >
          <styled.h1
            className="section-header-text"
          >
            Organization independent:
          </styled.h1>
          <styled.p>
            The sailing world is full of passionate groups of people. We decided to build tech that enables everyone, rather than hitching our wagon to any one organization in particular. By staying unaffiliated, SYRF is able to stay innovative and build tools for everyone.
          </styled.p>
        </Col>
        <Col
          lg={12}
          md={12}
          sm={24}
          xs={24}
        >
          <styled.div
            className="carousel-image-container"
            style={
              Object {
                "backgroundImage": "url(Image-3.svg)",
                "backgroundPosition": "100% -50%",
                "backgroundRepeat": "no-repeat",
                "backgroundSize": "contain",
              }
            }
          />
        </Col>
      </Row>
    </styled.div>
  </styled.div>
</ForwardRef>
`;
