// Jest Snapshot v1, https://goo.gl/fbAQLP

exports[`<HomePage /> should render the deals page and matchs the snapshot 1`] = `<Deals />`;
