// Jest Snapshot v1, https://goo.gl/fbAQLP

exports[`ParticipantNotPaidSection should render and match snapshot 1`] = `
<Provider
  store={
    Object {
      "createReducer": [Function],
      "dispatch": [Function],
      "getState": [Function],
      "injectedReducers": Object {},
      "injectedSagas": Object {},
      "replaceReducer": [Function],
      "runSaga": [Function],
      "subscribe": [Function],
      Symbol(Symbol.observable): [Function],
    }
  }
>
  <ParticipantNotPaidSection
    event={Object {}}
  />
</Provider>
`;
